{
  "address": {
    "city": "Wroc≈Çaw",
    "postcode": "50-081",
    "street": "Sklodowskiej 15"
  }
}
