{
  "fullname": "Janusz Maj",
  "email": "janusz.maj@puchalke.com",
  "city": "Sosnowiec",
  "age": 99
}