{
  "login": "test1",
  "fullname": "Jan Kowalski",
  "email": "newemail@gmail.com",
  "city": "Wroc≈Çaw",
  "age": 69
}
