{
  "login": "test1",
  "fullname": "Jan Kowalski",
  "email": "abc@def.com",
  "city": "Wroc≈Çaw",
  "age": 13
}
