{
  "login": "test1",
  "fullname": "XYZ",
  "email": "abc@def.com",
  "city": "Wroc≈Çaw",
  "age": 69
}
