{
  "login": "test4",
  "fullname": "John Travolta",
  "email": "jacekzbagien@abc.de",
  "city": "Wroc≈Çaw",
  "age": 11,
  "password_hash" : "3l2ui55iu5h23"
}
