{
  "address": {
    "city": "Wroc≈Çaw",
    "postcode": "50-06",
    "street": "Swidnicka 24/26"
  },
  "location": [
    51.1065599,
    17.032065
  ],
  "name": "kebab_king"
}
