[
  {
    "_id": 1,
    "author": "bbednarczyk",
    "restaurant": "kavos",
    "text": "Nie wiem. Nie bylem.",
    "rating" : 3
  }
]