{
  "address": {
    "city": "Sosnowiec",
    "postcode": "50-541",
    "street": "Aleja Armii Krajowej 14C/1"
  }
}
