{
  "address": {
    "city": "Wroc≈Çaw",
    "postcode": "50-41",
    "street": "Aleja Armii Krajowej 14C/1"
  }
}
