{
  "login": "test2",
  "fullname": "Mikolaj Kopernik",
  "email": "kopernik@mikolaj.pl",
  "city": "Wroc≈Çaw",
  "age": 17
}
