{
  "login": "test3",
  "fullname": "Gal Anonim",
  "email": "anonymus@hack.me",
  "city": "Wroc≈Çaw",
  "age": 55
}
